[backblue.gif]
[fade.gif]
[index.html]
[cosmosholiday.com.bd/img/logo_0.png]
[cosmosholiday.com.bd/js/modernizr.custom.27294.js]
[cdnjs.cloudflare.com/ajax/libs/bootstrap-datepicker/1.4.1/css/bootstrap-datepicker3.css]
[cosmosholiday.com.bd/img/cosmos-logo.gif]
[cosmosholiday.com.bd/img/slider/slider1.jpg]
[cosmosholiday.com.bd/img/slider/slider2.jpg]
[cosmosholiday.com.bd/img/slider/slider3.jpg]
[cosmosholiday.com.bd/img/service/about.jpg]
[cosmosholiday.com.bd/img/service/service.jpg]
[cosmosholiday.com.bd/img/service/portfolio.jpg]
[cosmosholiday.com.bd/img/destination01.jpg]
[cosmosholiday.com.bd/img/any_date.png]
[cosmosholiday.com.bd/img/destination02.jpg]
[cosmosholiday.com.bd/img/fixed_date.png]
[cosmosholiday.com.bd/img/destination03.jpg]
[cosmosholiday.com.bd/img/fxd_date.png]
[cosmosholiday.com.bd/img/destination04.jpg]
[cosmosholiday.com.bd/apanel/uploaded/7205.jpg]
[cosmosholiday.com.bd/img/badge_new.png]
[cosmosholiday.com.bd/apanel/uploaded/1842.jpg]
[cosmosholiday.com.bd/img/deals01.jpg]
[cosmosholiday.com.bd/img/deals02.jpg]
[cosmosholiday.com.bd/img/deals03.jpg]
[cosmosholiday.com.bd/img/deals04.jpg]
[cosmosholiday.com.bd/apanel/country_image/7909.jpg]
[cosmosholiday.com.bd/apanel/country_image/1986.jpg]
[cosmosholiday.com.bd/apanel/country_image/6354.jpg]
[cosmosholiday.com.bd/apanel/country_image/8914.jpg]
[cosmosholiday.com.bd/apanel/country_image/6783.jpg]
[cosmosholiday.com.bd/apanel/country_image/5427.jpg]
[cosmosholiday.com.bd/apanel/country_image/9723.jpg]
[cosmosholiday.com.bd/apanel/country_image/5808.jpg]
[cosmosholiday.com.bd/apanel/country_image/5871.jpg]
[cosmosholiday.com.bd/apanel/country_image/3537.jpg]
[cosmosholiday.com.bd/apanel/country_image/1776.jpg]
[cosmosholiday.com.bd/apanel/country_image/1492.jpg]
[cosmosholiday.com.bd/apanel/country_image/9145.jpg]
[cosmosholiday.com.bd/apanel/country_image/1974.jpg]
[cosmosholiday.com.bd/apanel/country_image/2049.jpg]
[cosmosholiday.com.bd/apanel/country_image/9936.jpg]
[cosmosholiday.com.bd/apanel/country_image/4962.jpg]
[cosmosholiday.com.bd/apanel/country_image/7098.jpg]
[cosmosholiday.com.bd/apanel/country_image/7758.jpg]
[cosmosholiday.com.bd/apanel/country_image/4279.jpg]
[cosmosholiday.com.bd/apanel/country_image/3401.jpg]
[cosmosholiday.com.bd/apanel/country_image/5204.jpg]
[cosmosholiday.com.bd/apanel/country_image/1929.jpg]
[cosmosholiday.com.bd/apanel/country_image/9841.jpg]
[cosmosholiday.com.bd/apanel/country_image/8570.jpg]
[cosmosholiday.com.bd/apanel/country_image/1335.jpg]
[cosmosholiday.com.bd/apanel/country_image/5232.jpg]
[cosmosholiday.com.bd/img/afiliation.jpg]
[cosmosholiday.com.bd/img/CreditCard.jpg]
[cosmosholiday.com.bd/img/weaccept.png]
[cosmosholiday.com.bd/js/jquery-1.11.0.min.js]
[cosmosholiday.com.bd/js/alertify.min.js]
[cosmosholiday.com.bd/pgfile/jquery.chocolat.js]
[cosmosholiday.com.bd/js/lightslider.js]
[cosmosholiday.com.bd/js/bootstrap.min.js]
[cosmosholiday.com.bd/js/owl.carousel.js]
[cosmosholiday.com.bd/js/smooth-scroll.js]
[cosmosholiday.com.bd/js/jquery.nanoscroller.min.js]
[cosmosholiday.com.bd/js/wow.min.js]
[cosmosholiday.com.bd/js/jquery.stellar.min.js]
[cosmosholiday.com.bd/js/main.js]
[cdnjs.cloudflare.com/ajax/libs/bootstrap-datepicker/1.4.1/js/bootstrap-datepicker.min.js]
[cosmosholiday.com.bd/top.png]
[cosmosholiday.com.bd/visascroll/jquery.easing.min.js]
[cosmosholiday.com.bd/visascroll/jquery.easy-ticker.js]
[cosmosholiday.com.bd/funcybox/source/jquery.fancybox.js]
[cosmosholiday.com.bd/index.html]
[cosmosholiday.com.bd/fonts/glyphicons-halflings-regular.eot]
[cosmosholiday.com.bd/fonts/glyphicons-halflings-regular.woff]
[cosmosholiday.com.bd/fonts/glyphicons-halflings-regulard41d.eot]
[cosmosholiday.com.bd/fonts/glyphicons-halflings-regular.ttf]
[cosmosholiday.com.bd/css/bootstrap.css]
[cosmosholiday.com.bd/img/grabbing.png]
[cosmosholiday.com.bd/css/owl.carousel.css]
[cosmosholiday.com.bd/img/AjaxLoader.gif]
[cosmosholiday.com.bd/css/owl.theme.css]
[cosmosholiday.com.bd/css/owl.transitions.css]
[cosmosholiday.com.bd/css/nanoscroller.css]
[cosmosholiday.com.bd/fonts/ionicons790f.eot]
[cosmosholiday.com.bd/fonts/ionicons790f.ttf]
[cosmosholiday.com.bd/fonts/ionicons790f.woff]
[cosmosholiday.com.bd/css/ionicons.min.css]
[cosmosholiday.com.bd/fonts/Metrize-Icons.woff]
[cosmosholiday.com.bd/fonts/Metrize-Icons.ttf]
[cosmosholiday.com.bd/css/metrize-icon.css]
[cosmosholiday.com.bd/css/animate.min.css]
[cosmosholiday.com.bd/css/alertify.core.css]
[cosmosholiday.com.bd/css/alertify.default.css]
[cosmosholiday.com.bd/img/pattern.png]
[cosmosholiday.com.bd/img/arrow-bg.png]
[cosmosholiday.com.bd/img/dotted_worldmap.png]
[cosmosholiday.com.bd/img/clouds.jpg]
[cosmosholiday.com.bd/img/beach.jpg]
[cosmosholiday.com.bd/css/main.css]
[cosmosholiday.com.bd/css/font-awesome/fonts/fontawesome-webfont5b62.eot]
[cosmosholiday.com.bd/css/font-awesome/fonts/fontawesome-webfontd41d.eot]
[cosmosholiday.com.bd/css/font-awesome/fonts/fontawesome-webfont5b62.woff2]
[cosmosholiday.com.bd/css/font-awesome/fonts/fontawesome-webfont5b62.woff]
[cosmosholiday.com.bd/css/font-awesome/fonts/fontawesome-webfont5b62.ttf]
[cosmosholiday.com.bd/css/font-awesome/css/font-awesome.min.css]
[cdnjs.cloudflare.com/ajax/libs/bootstrap-datepicker/1.4.1/css/bootstrap-datepicker3.css]
[cosmosholiday.com.bd/img/controls.png]
[cosmosholiday.com.bd/css/lightslider.css]
[cosmosholiday.com.bd/img/ssss.jpg]
[cosmosholiday.com.bd/css/style.css]
[cosmosholiday.com.bd/pgfile/left.gif]
[cosmosholiday.com.bd/pgfile/right.gif]
[cosmosholiday.com.bd/pgfile/close.gif]
[cosmosholiday.com.bd/pgfile/chocolat.css]
[cosmosholiday.com.bd/funcybox/source/fancybox_sprite.png]
[cosmosholiday.com.bd/funcybox/source/fancybox_loading.gif]
[cosmosholiday.com.bd/funcybox/source/blank.gif]
[cosmosholiday.com.bd/funcybox/source/fancybox_overlay.png]
[cosmosholiday.com.bd/funcybox/source/fancybox_sprite@2x.png]
[cosmosholiday.com.bd/funcybox/source/fancybox_loading@2x.gif]
[cosmosholiday.com.bd/funcybox/source/jquery.fancybox.css]
[cosmosholiday.com.bd/index-2.html]
[cosmosholiday.com.bd/img/slider2.jpg]
[cosmosholiday.com.bd/img/slider3.jpg]
[cosmosholiday.com.bd/img/slider5.jpg]
[cosmosholiday.com.bd/img/slider6.jpg]
[cosmosholiday.com.bd/about.html]
[cosmosholiday.com.bd/apanel/photogallery/94940.jpg]
[cosmosholiday.com.bd/apanel/photogallery/81406.jpg]
[cosmosholiday.com.bd/apanel/photogallery/15453.jpg]
[cosmosholiday.com.bd/apanel/photogallery/43820.jpg]
[cosmosholiday.com.bd/apanel/photogallery/90804.jpg]
[cosmosholiday.com.bd/apanel/photogallery/63379.jpg]
[cosmosholiday.com.bd/apanel/photogallery/61021.jpg]
[cosmosholiday.com.bd/apanel/photogallery/54029.jpg]
[cosmosholiday.com.bd/apanel/photogallery/15561.jpg]
[cosmosholiday.com.bd/apanel/photogallery/69818.jpg]
[cosmosholiday.com.bd/apanel/photogallery/40314.jpg]
[cosmosholiday.com.bd/apanel/photogallery/49523.jpg]
[cosmosholiday.com.bd/apanel/photogallery/71668.jpg]
[cosmosholiday.com.bd/apanel/photogallery/62675.jpg]
[cosmosholiday.com.bd/apanel/photogallery/55993.jpg]
[cosmosholiday.com.bd/apanel/photogallery/95302.jpg]
[cosmosholiday.com.bd/apanel/photogallery/94573.jpg]
[cosmosholiday.com.bd/apanel/photogallery/63512.jpg]
[cosmosholiday.com.bd/apanel/photogallery/50304.jpg]
[cosmosholiday.com.bd/apanel/photogallery/61997.jpg]
[cosmosholiday.com.bd/apanel/photogallery/84258.jpg]
[cosmosholiday.com.bd/apanel/photogallery/45219.jpg]
[cosmosholiday.com.bd/gallery.html]
[cosmosholiday.com.bd/search.html]
[cosmosholiday.com.bd/hotelbooking.html]
[cosmosholiday.com.bd/transport.html]
[cosmosholiday.com.bd/tours_and_attractions.html]
[cosmosholiday.com.bd/apanel/country_image/2284.jpg]
[cosmosholiday.com.bd/apanel/country_image/6854.jpg]
[cosmosholiday.com.bd/apanel/country_image/3404.jpg]
[cosmosholiday.com.bd/apanel/country_image/6107.jpg]
[cosmosholiday.com.bd/apanel/country_image/2221.jpg]
[cosmosholiday.com.bd/apanel/country_image/2561.jpg]
[cosmosholiday.com.bd/apanel/country_image/9211.jpg]
[cosmosholiday.com.bd/phpackage/p/4.html]
[cosmosholiday.com.bd/apanel/country_image/2055.jpg]
[cosmosholiday.com.bd/phpackage/p/2.html]
[cosmosholiday.com.bd/phpackage/p/3.html]
[cosmosholiday.com.bd/package/pk/1.html]
[cosmosholiday.com.bd/hotel_images/2861.jpg]
[cosmosholiday.com.bd/hotel_images/9010.jpg]
[cosmosholiday.com.bd/hotel_images/7136.jpg]
[cosmosholiday.com.bd/hotel_images/8769.jpg]
[cosmosholiday.com.bd/apanel/uploaded/2973.jpg]
[cosmosholiday.com.bd/apanel/uploaded/3911.jpg]
[cosmosholiday.com.bd/apanel/uploaded/3190.jpg]
[cosmosholiday.com.bd/apanel/uploaded/9086.jpg]
[cosmosholiday.com.bd/apanel/uploaded/9905.jpg]
[cosmosholiday.com.bd/apanel/uploaded/8333.jpg]
[cosmosholiday.com.bd/apanel/uploaded/6120.jpg]
[cosmosholiday.com.bd/apanel/uploaded/9082.jpg]
[cosmosholiday.com.bd/phbooking/pid/4/rid/121/packcode/ECAAL001BT.html]
[cosmosholiday.com.bd/hotel_images/6598.jpg]
[cosmosholiday.com.bd/hotel_images/8635.jpg]
[cosmosholiday.com.bd/apanel/uploaded/3042.jpg]
[cosmosholiday.com.bd/apanel/uploaded/3479.jpg]
[cosmosholiday.com.bd/apanel/uploaded/5771.jpg]
[cosmosholiday.com.bd/apanel/uploaded/4621.jpg]
[cosmosholiday.com.bd/apanel/uploaded/3506.jpg]
[cosmosholiday.com.bd/apanel/uploaded/6567.jpg]
[cosmosholiday.com.bd/apanel/uploaded/3242.jpg]
[cosmosholiday.com.bd/apanel/uploaded/2650.jpg]
[cosmosholiday.com.bd/apanel/uploaded/6534.jpg]
[cosmosholiday.com.bd/apanel/uploaded/3054.jpg]
[cosmosholiday.com.bd/apanel/uploaded/9474.jpg]
[cosmosholiday.com.bd/phbooking/pid/2/rid/14/packcode/RM0011.html]
[cosmosholiday.com.bd/best_hot_deals33f3.html]
[cosmosholiday.com.bd/best_hot_deals38cd.html]
[cosmosholiday.com.bd/best_hot_deals3f38.html]
[cosmosholiday.com.bd/video_gallery.html]
[cosmosholiday.com.bd/confirm.html]
[cosmosholiday.com.bd/summery.html]
[cosmosholiday.com.bd/bsummery.html]
[cosmosholiday.com.bd/fonts/glyphicons-halflings-regular.svg]
[cosmosholiday.com.bd/fonts/ionicons790f.svg]
[cosmosholiday.com.bd/css/font-awesome/fonts/fontawesome-webfont5b62.svg]
[cosmosholiday.com.bd/apanel/photogallery/86935.jpg]
[cosmosholiday.com.bd/apanel/photogallery/72630.jpg]
[cosmosholiday.com.bd/apanel/photogallery/58466.jpg]
[cosmosholiday.com.bd/apanel/photogallery/44232.jpg]
[cosmosholiday.com.bd/apanel/photogallery/36193.jpg]
[cosmosholiday.com.bd/apanel/photogallery/57806.jpg]
[cosmosholiday.com.bd/apanel/photogallery/14626.jpg]
[cosmosholiday.com.bd/apanel/photogallery/33271.jpg]
[cosmosholiday.com.bd/apanel/photogallery/56572.jpg]
[cosmosholiday.com.bd/apanel/photogallery/36290.jpg]
[cosmosholiday.com.bd/apanel/photogallery/75306.jpg]
[cosmosholiday.com.bd/apanel/photogallery/36692.jpg]
[cosmosholiday.com.bd/apanel/photogallery/18832.jpg]
[cosmosholiday.com.bd/apanel/photogallery/84599.jpg]
[cosmosholiday.com.bd/gallery_detailsf723.html]
[cosmosholiday.com.bd/apanel/photogallery/89091.jpg]
[cosmosholiday.com.bd/apanel/photogallery/42115.jpg]
[cosmosholiday.com.bd/apanel/photogallery/80641.jpg]
[cosmosholiday.com.bd/apanel/photogallery/33707.jpg]
[cosmosholiday.com.bd/apanel/photogallery/92404.jpg]
[cosmosholiday.com.bd/apanel/photogallery/29164.jpg]
[cosmosholiday.com.bd/apanel/photogallery/25767.jpg]
[cosmosholiday.com.bd/apanel/photogallery/25755.jpg]
[cosmosholiday.com.bd/apanel/photogallery/56364.jpg]
[cosmosholiday.com.bd/apanel/photogallery/99425.jpg]
[cosmosholiday.com.bd/apanel/photogallery/86208.jpg]
[cosmosholiday.com.bd/apanel/photogallery/21113.jpg]
[cosmosholiday.com.bd/gallery_details87ac.html]
[cosmosholiday.com.bd/apanel/photogallery/32768.jpg]
[cosmosholiday.com.bd/apanel/photogallery/44454.jpg]
[cosmosholiday.com.bd/apanel/photogallery/71558.jpg]
[cosmosholiday.com.bd/apanel/photogallery/16929.jpg]
[cosmosholiday.com.bd/apanel/photogallery/47557.jpg]
[cosmosholiday.com.bd/apanel/photogallery/88137.jpg]
[cosmosholiday.com.bd/apanel/photogallery/22343.jpg]
[cosmosholiday.com.bd/apanel/photogallery/90766.jpg]
[cosmosholiday.com.bd/apanel/photogallery/33674.jpg]
[cosmosholiday.com.bd/apanel/photogallery/82491.jpg]
[cosmosholiday.com.bd/apanel/photogallery/15046.jpg]
[cosmosholiday.com.bd/apanel/photogallery/44634.jpg]
[cosmosholiday.com.bd/apanel/photogallery/39291.jpg]
[cosmosholiday.com.bd/apanel/photogallery/13890.jpg]
[cosmosholiday.com.bd/apanel/photogallery/87368.jpg]
[cosmosholiday.com.bd/gallery_detailse996.html]
[cosmosholiday.com.bd/apanel/photogallery/62669.jpg]
[cosmosholiday.com.bd/apanel/photogallery/72979.jpg]
[cosmosholiday.com.bd/apanel/photogallery/48014.jpg]
[cosmosholiday.com.bd/apanel/photogallery/56760.jpg]
[cosmosholiday.com.bd/apanel/photogallery/90221.jpg]
[cosmosholiday.com.bd/apanel/photogallery/77273.jpg]
[cosmosholiday.com.bd/apanel/photogallery/30732.jpg]
[cosmosholiday.com.bd/apanel/photogallery/37109.jpg]
[cosmosholiday.com.bd/apanel/photogallery/47908.jpg]
[cosmosholiday.com.bd/apanel/photogallery/98565.jpg]
[cosmosholiday.com.bd/apanel/photogallery/93879.jpg]
[cosmosholiday.com.bd/apanel/photogallery/12285.jpg]
[cosmosholiday.com.bd/apanel/photogallery/91615.jpg]
[cosmosholiday.com.bd/apanel/photogallery/98458.jpg]
[cosmosholiday.com.bd/apanel/photogallery/47828.jpg]
[cosmosholiday.com.bd/gallery_detailsd2c2.html]
[cosmosholiday.com.bd/apanel/photogallery/12324.jpg]
[cosmosholiday.com.bd/apanel/photogallery/26621.jpg]
[cosmosholiday.com.bd/apanel/photogallery/63430.jpg]
[cosmosholiday.com.bd/apanel/photogallery/85659.jpg]
[cosmosholiday.com.bd/apanel/photogallery/81448.jpg]
[cosmosholiday.com.bd/apanel/photogallery/62699.jpg]
[cosmosholiday.com.bd/apanel/photogallery/78390.jpg]
[cosmosholiday.com.bd/apanel/photogallery/15805.jpg]
[cosmosholiday.com.bd/apanel/photogallery/86249.jpg]
[cosmosholiday.com.bd/apanel/photogallery/28830.jpg]
[cosmosholiday.com.bd/apanel/photogallery/82029.jpg]
[cosmosholiday.com.bd/apanel/photogallery/53124.jpg]
[cosmosholiday.com.bd/apanel/photogallery/81580.jpg]
[cosmosholiday.com.bd/apanel/photogallery/24078.jpg]
[cosmosholiday.com.bd/apanel/photogallery/20620.jpg]
[cosmosholiday.com.bd/apanel/photogallery/84808.jpg]
[cosmosholiday.com.bd/apanel/photogallery/91921.jpg]
[cosmosholiday.com.bd/apanel/photogallery/66418.jpg]
[cosmosholiday.com.bd/gallery_details2b2f.html]
[cosmosholiday.com.bd/apanel/photogallery/22013.jpg]
[cosmosholiday.com.bd/apanel/photogallery/35628.jpg]
[cosmosholiday.com.bd/apanel/photogallery/16515.jpg]
[cosmosholiday.com.bd/apanel/photogallery/13916.jpg]
[cosmosholiday.com.bd/apanel/photogallery/21337.jpg]
[cosmosholiday.com.bd/apanel/photogallery/20881.jpg]
[cosmosholiday.com.bd/gallery_details1707.html]
[cosmosholiday.com.bd/apanel/photogallery/22526.jpg]
[cosmosholiday.com.bd/apanel/photogallery/60294.jpg]
[cosmosholiday.com.bd/apanel/photogallery/85226.jpg]
[cosmosholiday.com.bd/apanel/photogallery/35040.jpg]
[cosmosholiday.com.bd/apanel/photogallery/72775.jpg]
[cosmosholiday.com.bd/apanel/photogallery/87859.jpg]
[cosmosholiday.com.bd/apanel/photogallery/54826.jpg]
[cosmosholiday.com.bd/apanel/photogallery/12192.jpg]
[cosmosholiday.com.bd/apanel/photogallery/31487.jpg]
[cosmosholiday.com.bd/apanel/photogallery/48635.jpg]
[cosmosholiday.com.bd/gallery_detailsbf3c.html]
[cosmosholiday.com.bd/apanel/photogallery/84453.jpg]
[cosmosholiday.com.bd/apanel/photogallery/72967.jpg]
[cosmosholiday.com.bd/apanel/photogallery/93056.jpg]
[cosmosholiday.com.bd/apanel/photogallery/19931.jpg]
[cosmosholiday.com.bd/apanel/photogallery/48030.jpg]
[cosmosholiday.com.bd/apanel/photogallery/78867.jpg]
[cosmosholiday.com.bd/apanel/photogallery/43196.jpg]
[cosmosholiday.com.bd/apanel/photogallery/32580.jpg]
[cosmosholiday.com.bd/apanel/photogallery/71590.jpg]
[cosmosholiday.com.bd/apanel/photogallery/93554.jpg]
[cosmosholiday.com.bd/apanel/photogallery/56626.jpg]
[cosmosholiday.com.bd/gallery_details1c06.html]
[cosmosholiday.com.bd/apanel/photogallery/29855.jpg]
[cosmosholiday.com.bd/apanel/photogallery/22578.jpg]
[cosmosholiday.com.bd/apanel/photogallery/40785.jpg]
[cosmosholiday.com.bd/apanel/photogallery/13771.jpg]
[cosmosholiday.com.bd/apanel/photogallery/48833.jpg]
[cosmosholiday.com.bd/apanel/photogallery/47394.jpg]
[cosmosholiday.com.bd/apanel/photogallery/92904.jpg]
[cosmosholiday.com.bd/apanel/photogallery/33033.jpg]
[cosmosholiday.com.bd/apanel/photogallery/75843.jpg]
[cosmosholiday.com.bd/apanel/photogallery/75544.jpg]
[cosmosholiday.com.bd/apanel/photogallery/61803.jpg]
[cosmosholiday.com.bd/gallery_details18df.html]
[cosmosholiday.com.bd/apanel/photogallery/99836.jpg]
[cosmosholiday.com.bd/apanel/photogallery/33610.jpg]
[cosmosholiday.com.bd/apanel/photogallery/61568.jpg]
[cosmosholiday.com.bd/apanel/photogallery/46943.jpg]
[cosmosholiday.com.bd/apanel/photogallery/60754.jpg]
[cosmosholiday.com.bd/gallery_details1acc.html]
[cosmosholiday.com.bd/apanel/photogallery/68691.jpg]
[cosmosholiday.com.bd/apanel/photogallery/89286.jpg]
[cosmosholiday.com.bd/apanel/photogallery/78155.jpg]
[cosmosholiday.com.bd/apanel/photogallery/85780.jpg]
[cosmosholiday.com.bd/apanel/photogallery/15076.jpg]
[cosmosholiday.com.bd/apanel/photogallery/90629.jpg]
[cosmosholiday.com.bd/apanel/photogallery/76922.jpg]
[cosmosholiday.com.bd/apanel/photogallery/94608.jpg]
[cosmosholiday.com.bd/apanel/photogallery/76405.jpg]
[cosmosholiday.com.bd/apanel/photogallery/87970.jpg]
[cosmosholiday.com.bd/apanel/photogallery/56452.jpg]
[cosmosholiday.com.bd/apanel/photogallery/92658.jpg]
[cosmosholiday.com.bd/apanel/photogallery/46383.jpg]
[cosmosholiday.com.bd/apanel/photogallery/25000.jpg]
[cosmosholiday.com.bd/apanel/photogallery/37884.jpg]
[cosmosholiday.com.bd/apanel/photogallery/83723.jpg]
[cosmosholiday.com.bd/apanel/photogallery/66895.jpg]
[cosmosholiday.com.bd/apanel/photogallery/11494.jpg]
[cosmosholiday.com.bd/gallery_detailse205.html]
[cosmosholiday.com.bd/apanel/photogallery/49071.jpg]
[cosmosholiday.com.bd/apanel/photogallery/59874.jpg]
[cosmosholiday.com.bd/apanel/photogallery/66599.jpg]
[cosmosholiday.com.bd/apanel/photogallery/78388.jpg]
[cosmosholiday.com.bd/apanel/photogallery/69924.jpg]
[cosmosholiday.com.bd/apanel/photogallery/90039.jpg]
[cosmosholiday.com.bd/apanel/photogallery/96003.jpg]
[cosmosholiday.com.bd/apanel/photogallery/11790.jpg]
[cosmosholiday.com.bd/apanel/photogallery/42888.jpg]
[cosmosholiday.com.bd/apanel/photogallery/17589.jpg]
[cosmosholiday.com.bd/apanel/photogallery/20547.jpg]
[cosmosholiday.com.bd/apanel/photogallery/12999.jpg]
[cosmosholiday.com.bd/apanel/photogallery/94236.jpg]
[cosmosholiday.com.bd/apanel/photogallery/32384.jpg]
[cosmosholiday.com.bd/apanel/photogallery/33651.jpg]
[cosmosholiday.com.bd/apanel/photogallery/94263.jpg]
[cosmosholiday.com.bd/apanel/photogallery/60576.jpg]
[cosmosholiday.com.bd/gallery_details2f56.html]
[cosmosholiday.com.bd/apanel/photogallery/16857.jpg]
[cosmosholiday.com.bd/apanel/photogallery/53701.jpg]
[cosmosholiday.com.bd/apanel/photogallery/35058.jpg]
[cosmosholiday.com.bd/gallery_detailsff21.html]
[cosmosholiday.com.bd/apanel/photogallery/65721.jpg]
[cosmosholiday.com.bd/apanel/photogallery/22039.jpg]
[cosmosholiday.com.bd/apanel/photogallery/79311.jpg]
[cosmosholiday.com.bd/apanel/photogallery/17592.jpg]
[cosmosholiday.com.bd/apanel/photogallery/92667.jpg]
[cosmosholiday.com.bd/apanel/photogallery/58156.jpg]
[cosmosholiday.com.bd/gallery_details245c.html]
[cosmosholiday.com.bd/apanel/photogallery/57986.jpg]
[cosmosholiday.com.bd/apanel/photogallery/47210.jpg]
[cosmosholiday.com.bd/apanel/photogallery/24624.jpg]
[cosmosholiday.com.bd/apanel/photogallery/17476.jpg]
[cosmosholiday.com.bd/apanel/photogallery/40675.jpg]
[cosmosholiday.com.bd/apanel/photogallery/48340.jpg]
[cosmosholiday.com.bd/apanel/photogallery/70542.jpg]
[cosmosholiday.com.bd/apanel/photogallery/81668.jpg]
[cosmosholiday.com.bd/apanel/photogallery/80937.jpg]
[cosmosholiday.com.bd/apanel/photogallery/94369.jpg]
[cosmosholiday.com.bd/apanel/photogallery/42982.jpg]
[cosmosholiday.com.bd/apanel/photogallery/91714.jpg]
[cosmosholiday.com.bd/apanel/photogallery/94924.jpg]
[cosmosholiday.com.bd/apanel/photogallery/58264.jpg]
[cosmosholiday.com.bd/apanel/photogallery/15142.jpg]
[cosmosholiday.com.bd/apanel/photogallery/42944.jpg]
[cosmosholiday.com.bd/apanel/photogallery/70277.jpg]
[cosmosholiday.com.bd/apanel/photogallery/51126.jpg]
[cosmosholiday.com.bd/apanel/photogallery/30110.jpg]
[cosmosholiday.com.bd/gallery_details87c0.html]
[cosmosholiday.com.bd/apanel/photogallery/38000.jpg]
[cosmosholiday.com.bd/apanel/photogallery/79535.jpg]
[cosmosholiday.com.bd/apanel/photogallery/79013.jpg]
[cosmosholiday.com.bd/apanel/photogallery/76842.jpg]
[cosmosholiday.com.bd/apanel/photogallery/82804.jpg]
[cosmosholiday.com.bd/apanel/photogallery/59567.jpg]
[cosmosholiday.com.bd/apanel/photogallery/11521.jpg]
[cosmosholiday.com.bd/apanel/photogallery/20353.jpg]
[cosmosholiday.com.bd/apanel/photogallery/71767.jpg]
[cosmosholiday.com.bd/apanel/photogallery/45464.jpg]
[cosmosholiday.com.bd/gallery_details387c.html]
[cosmosholiday.com.bd/apanel/photogallery/28040.jpg]
[cosmosholiday.com.bd/apanel/photogallery/61985.jpg]
[cosmosholiday.com.bd/apanel/photogallery/90401.jpg]
[cosmosholiday.com.bd/apanel/photogallery/57095.jpg]
[cosmosholiday.com.bd/apanel/photogallery/93424.jpg]
[cosmosholiday.com.bd/apanel/photogallery/80203.jpg]
[cosmosholiday.com.bd/gallery_details6f59.html]
[cosmosholiday.com.bd/apanel/photogallery/75739.jpg]
[cosmosholiday.com.bd/apanel/photogallery/18767.jpg]
[cosmosholiday.com.bd/apanel/photogallery/18689.jpg]
[cosmosholiday.com.bd/apanel/photogallery/95803.jpg]
[cosmosholiday.com.bd/apanel/photogallery/86206.jpg]
[cosmosholiday.com.bd/apanel/photogallery/31189.jpg]
[cosmosholiday.com.bd/gallery_details6907.html]
[cosmosholiday.com.bd/apanel/photogallery/32558.jpg]
[cosmosholiday.com.bd/apanel/photogallery/60405.jpg]
[cosmosholiday.com.bd/apanel/photogallery/60256.jpg]
[cosmosholiday.com.bd/apanel/photogallery/15124.jpg]
[cosmosholiday.com.bd/apanel/photogallery/30886.jpg]
[cosmosholiday.com.bd/apanel/photogallery/69111.jpg]
[cosmosholiday.com.bd/apanel/photogallery/42228.jpg]
[cosmosholiday.com.bd/apanel/photogallery/79690.jpg]
[cosmosholiday.com.bd/apanel/photogallery/70459.jpg]
[cosmosholiday.com.bd/apanel/photogallery/37503.jpg]
[cosmosholiday.com.bd/gallery_details9b9b.html]
[cosmosholiday.com.bd/apanel/photogallery/97714.jpg]
[cosmosholiday.com.bd/apanel/photogallery/92275.jpg]
[cosmosholiday.com.bd/apanel/photogallery/78057.jpg]
[cosmosholiday.com.bd/apanel/photogallery/14422.jpg]
[cosmosholiday.com.bd/apanel/photogallery/67195.jpg]
[cosmosholiday.com.bd/apanel/photogallery/40913.jpg]
[cosmosholiday.com.bd/apanel/photogallery/78634.jpg]
[cosmosholiday.com.bd/apanel/photogallery/95990.jpg]
[cosmosholiday.com.bd/apanel/photogallery/34983.jpg]
[cosmosholiday.com.bd/apanel/photogallery/36915.jpg]
[cosmosholiday.com.bd/apanel/photogallery/77637.jpg]
[cosmosholiday.com.bd/apanel/photogallery/80030.jpg]
[cosmosholiday.com.bd/apanel/photogallery/66059.jpg]
[cosmosholiday.com.bd/apanel/photogallery/41096.jpg]
[cosmosholiday.com.bd/apanel/photogallery/21700.jpg]
[cosmosholiday.com.bd/apanel/photogallery/96454.jpg]
[cosmosholiday.com.bd/gallery_details3439.html]
[cosmosholiday.com.bd/apanel/photogallery/68779.jpg]
[cosmosholiday.com.bd/apanel/photogallery/57800.jpg]
[cosmosholiday.com.bd/apanel/photogallery/92846.jpg]
[cosmosholiday.com.bd/apanel/photogallery/89500.jpg]
[cosmosholiday.com.bd/apanel/photogallery/60274.jpg]
[cosmosholiday.com.bd/apanel/photogallery/75244.jpg]
[cosmosholiday.com.bd/apanel/photogallery/33625.jpg]
[cosmosholiday.com.bd/gallery_detailsfc86.html]
[cosmosholiday.com.bd/apanel/photogallery/97316.jpg]
[cosmosholiday.com.bd/apanel/photogallery/89229.jpg]
[cosmosholiday.com.bd/apanel/photogallery/70047.jpg]
[cosmosholiday.com.bd/apanel/photogallery/70985.jpg]
[cosmosholiday.com.bd/apanel/photogallery/34617.jpg]
[cosmosholiday.com.bd/apanel/photogallery/94839.jpg]
[cosmosholiday.com.bd/apanel/photogallery/85563.jpg]
[cosmosholiday.com.bd/apanel/photogallery/95448.jpg]
[cosmosholiday.com.bd/apanel/photogallery/31651.jpg]
[cosmosholiday.com.bd/apanel/photogallery/71866.jpg]
[cosmosholiday.com.bd/apanel/photogallery/24964.jpg]
[cosmosholiday.com.bd/apanel/photogallery/99231.jpg]
[cosmosholiday.com.bd/apanel/photogallery/19093.jpg]
[cosmosholiday.com.bd/apanel/photogallery/97144.jpg]
[cosmosholiday.com.bd/apanel/photogallery/39235.jpg]
[cosmosholiday.com.bd/apanel/photogallery/37483.jpg]
[cosmosholiday.com.bd/apanel/photogallery/46602.jpg]
[cosmosholiday.com.bd/apanel/photogallery/27680.jpg]
[cosmosholiday.com.bd/apanel/photogallery/71341.jpg]
[cosmosholiday.com.bd/gallery_details5a25.html]
[cosmosholiday.com.bd/taacountry/cid/5.html]
[cosmosholiday.com.bd/apanel/tours_and_attractions_image/63673.jpg]
[cosmosholiday.com.bd/taacountry/cid/19.html]
[cosmosholiday.com.bd/apanel/tours_and_attractions_image/42053.jpg]
[cosmosholiday.com.bd/apanel/uploaded/2206.jpg]
[cosmosholiday.com.bd/apanel/uploaded/5341.jpg]
[cosmosholiday.com.bd/apanel/uploaded/1435.jpg]
[cosmosholiday.com.bd/apanel/uploaded/7623.jpg]
[cosmosholiday.com.bd/apanel/uploaded/3580.jpg]
[cosmosholiday.com.bd/apanel/uploaded/2612.jpg]
[cosmosholiday.com.bd/apanel/uploaded/1541.jpg]
[cosmosholiday.com.bd/apanel/uploaded/9704.jpg]
[cosmosholiday.com.bd/apanel/uploaded/2339.jpg]
[cosmosholiday.com.bd/apanel/uploaded/5693.jpg]
[cosmosholiday.com.bd/apanel/uploaded/3627.jpg]
[cosmosholiday.com.bd/apanel/uploaded/9142.jpg]
[cosmosholiday.com.bd/apanel/uploaded/7901.jpg]
[cosmosholiday.com.bd/apanel/uploaded/5504.jpg]
[cosmosholiday.com.bd/apanel/uploaded/9423.jpg]
[cosmosholiday.com.bd/apanel/uploaded/3243.jpg]
[cosmosholiday.com.bd/apanel/uploaded/4103.jpg]
[cosmosholiday.com.bd/apanel/uploaded/4440.jpg]
[cosmosholiday.com.bd/apanel/uploaded/5269.jpg]
[cosmosholiday.com.bd/apanel/uploaded/3356.jpg]
[cosmosholiday.com.bd/phcountry/pack/4/cid/8.html]
[cosmosholiday.com.bd/apanel/uploaded/5559.jpg]
[cosmosholiday.com.bd/apanel/uploaded/2068.jpg]
[cosmosholiday.com.bd/apanel/uploaded/8804.jpg]
[cosmosholiday.com.bd/apanel/uploaded/1757.jpg]
[cosmosholiday.com.bd/apanel/uploaded/8933.jpg]
[cosmosholiday.com.bd/apanel/uploaded/2026.jpg]
[cosmosholiday.com.bd/apanel/uploaded/7107.jpg]
[cosmosholiday.com.bd/apanel/uploaded/9013.jpg]
[cosmosholiday.com.bd/apanel/uploaded/6354.jpg]
[cosmosholiday.com.bd/phcountry/pack/4/cid/12.html]
[cosmosholiday.com.bd/apanel/uploaded/4149.jpg]
[cosmosholiday.com.bd/apanel/uploaded/2094.jpg]
[cosmosholiday.com.bd/apanel/uploaded/2521.jpg]
[cosmosholiday.com.bd/apanel/uploaded/7040.jpg]
[cosmosholiday.com.bd/phcountry/pack/4/cid/10.html]
[cosmosholiday.com.bd/apanel/uploaded/5704.jpg]
[cosmosholiday.com.bd/apanel/uploaded/5293.jpg]
[cosmosholiday.com.bd/apanel/uploaded/2596.jpg]
[cosmosholiday.com.bd/apanel/uploaded/8137.jpg]
[cosmosholiday.com.bd/apanel/uploaded/5026.jpg]
[cosmosholiday.com.bd/apanel/uploaded/7186.jpg]
[cosmosholiday.com.bd/apanel/uploaded/5481.jpg]
[cosmosholiday.com.bd/apanel/uploaded/7591.jpg]
[cosmosholiday.com.bd/phcountry/pack/4/cid/15.html]
[cosmosholiday.com.bd/apanel/uploaded/7456.jpg]
[cosmosholiday.com.bd/apanel/uploaded/2255.jpg]
[cosmosholiday.com.bd/apanel/uploaded/1118.jpg]
[cosmosholiday.com.bd/phcountry/pack/4/cid/9.html]
[cosmosholiday.com.bd/apanel/uploaded/4331.jpg]
[cosmosholiday.com.bd/apanel/uploaded/7762.jpg]
[cosmosholiday.com.bd/apanel/uploaded/6853.jpg]
[cosmosholiday.com.bd/apanel/uploaded/8789.jpg]
[cosmosholiday.com.bd/apanel/uploaded/2420.jpg]
[cosmosholiday.com.bd/apanel/uploaded/7108.jpg]
[cosmosholiday.com.bd/apanel/uploaded/7660.jpg]
[cosmosholiday.com.bd/apanel/uploaded/8395.jpg]
[cosmosholiday.com.bd/apanel/uploaded/5984.jpg]
[cosmosholiday.com.bd/apanel/uploaded/9727.jpg]
[cosmosholiday.com.bd/phcountry/pack/4/cid/16.html]
[cosmosholiday.com.bd/apanel/uploaded/5982.jpg]
[cosmosholiday.com.bd/apanel/uploaded/2726.jpg]
[cosmosholiday.com.bd/apanel/uploaded/2738.jpg]
[cosmosholiday.com.bd/apanel/uploaded/9328.jpg]
[cosmosholiday.com.bd/apanel/uploaded/5115.jpg]
[cosmosholiday.com.bd/phcountry/pack/4/cid/11.html]
[cosmosholiday.com.bd/apanel/uploaded/7005.jpg]
[cosmosholiday.com.bd/phcountry/pack/4/cid/6.html]
[cosmosholiday.com.bd/apanel/uploaded/1444.jpg]
[cosmosholiday.com.bd/apanel/uploaded/1686.jpg]
[cosmosholiday.com.bd/apanel/uploaded/3503.jpg]
[cosmosholiday.com.bd/phcountry/pack/4/cid/2.html]
[cosmosholiday.com.bd/apanel/uploaded/8809.jpg]
[cosmosholiday.com.bd/apanel/uploaded/8837.jpg]
[cosmosholiday.com.bd/apanel/uploaded/1323.jpg]
[cosmosholiday.com.bd/phcountry/pack/4/cid/23.html]
[cosmosholiday.com.bd/apanel/uploaded/9709.jpg]
[cosmosholiday.com.bd/apanel/uploaded/6924.jpg]
[cosmosholiday.com.bd/apanel/uploaded/2506.jpg]
[cosmosholiday.com.bd/phcountry/pack/4/cid/17.html]
[cosmosholiday.com.bd/apanel/uploaded/3097.jpg]
[cosmosholiday.com.bd/apanel/uploaded/9023.jpg]
[cosmosholiday.com.bd/apanel/uploaded/8939.jpg]
[cosmosholiday.com.bd/apanel/uploaded/7432.jpg]
[cosmosholiday.com.bd/phcountry/pack/4/cid/19.html]
[cosmosholiday.com.bd/apanel/uploaded/1579.jpg]
[cosmosholiday.com.bd/apanel/uploaded/8460.jpg]
[cosmosholiday.com.bd/apanel/uploaded/7882.jpg]
[cosmosholiday.com.bd/apanel/uploaded/5266.jpg]
[cosmosholiday.com.bd/phcountry/pack/4/cid/20.html]
[cosmosholiday.com.bd/apanel/uploaded/4935.jpg]
[cosmosholiday.com.bd/phcountry/pack/4/cid/21.html]
[cosmosholiday.com.bd/apanel/uploaded/4166.jpg]
[cosmosholiday.com.bd/apanel/uploaded/4391.jpg]
[cosmosholiday.com.bd/apanel/uploaded/2802.jpg]
[cosmosholiday.com.bd/apanel/uploaded/3499.jpg]
[cosmosholiday.com.bd/phcountry/pack/4/cid/22.html]
[cosmosholiday.com.bd/apanel/uploaded/3937.jpg]
[cosmosholiday.com.bd/phcountry/pack/4/cid/24.html]
[cosmosholiday.com.bd/apanel/uploaded/5566.jpg]
[cosmosholiday.com.bd/apanel/uploaded/8274.jpg]
[cosmosholiday.com.bd/apanel/uploaded/9564.jpg]
[cosmosholiday.com.bd/apanel/uploaded/9706.jpg]
[cosmosholiday.com.bd/phcountry/pack/4/cid/26.html]
[cosmosholiday.com.bd/apanel/uploaded/7616.jpg]
[cosmosholiday.com.bd/apanel/uploaded/9421.jpg]
[cosmosholiday.com.bd/apanel/uploaded/6501.jpg]
[cosmosholiday.com.bd/phcountry/pack/4/cid/18.html]
[cosmosholiday.com.bd/phcountry/pack/2/cid/7.html]
[cosmosholiday.com.bd/apanel/uploaded/1602.jpg]
[cosmosholiday.com.bd/apanel/uploaded/7820.jpg]
[cosmosholiday.com.bd/apanel/uploaded/8958.jpg]
[cosmosholiday.com.bd/apanel/uploaded/6507.jpg]
[cosmosholiday.com.bd/phcountry/pack/3/cid/8.html]
[cosmosholiday.com.bd/apanel/uploaded/4177.jpg]
[cosmosholiday.com.bd/phcountry/pack/3/cid/12.html]
[cosmosholiday.com.bd/apanel/uploaded/6037.jpg]
[cosmosholiday.com.bd/apanel/uploaded/6650.jpg]
[cosmosholiday.com.bd/phcountry/pack/3/cid/10.html]
[cosmosholiday.com.bd/apanel/uploaded/8296.jpg]
[cosmosholiday.com.bd/country/pk/1/country/8.html]
[cosmosholiday.com.bd/apanel/uploaded/2919.jpg]
[cosmosholiday.com.bd/country/pk/1/country/12.html]
[cosmosholiday.com.bd/best_hot_country/pack/2/cid/12.html]
[cosmosholiday.com.bd/best_hot_country/pack/2/cid/7.html]
[cosmosholiday.com.bd/best_hot_country/pack/3/cid/10.html]
[cosmosholiday.com.bd/best_hot_country/pack/3/cid/12.html]
[cosmosholiday.com.bd/best_hot_country/pack/3/cid/7.html]
[cosmosholiday.com.bd/best_hot_country/pack/3/cid/8.html]
[cosmosholiday.com.bd/best_hot_country/pack/4/cid/10.html]
[cosmosholiday.com.bd/best_hot_country/pack/4/cid/12.html]
[cosmosholiday.com.bd/best_hot_country/pack/4/cid/7.html]
[cosmosholiday.com.bd/best_hot_country/pack/4/cid/8.html]
[cosmosholiday.com.bd/img/accepted_c22e0.png]
[cosmosholiday.com.bd/finalpayment.html]
[cosmosholiday.com.bd/apanel/tours_and_attractions_image/30228.jpg]
[cosmosholiday.com.bd/taa_booking/taaID/8.html]
[cosmosholiday.com.bd/apanel/tours_and_attractions_image/95808.jpg]
[cosmosholiday.com.bd/apanel/tours_and_attractions_image/80894.jpg]
[cosmosholiday.com.bd/apanel/tours_and_attractions_image/43339.jpg]
[cosmosholiday.com.bd/apanel/tours_and_attractions_image/62070.jpg]
[cosmosholiday.com.bd/apanel/tours_and_attractions_image/65880.jpg]
[cosmosholiday.com.bd/apanel/tours_and_attractions_image/40956.jpg]
[cosmosholiday.com.bd/apanel/tours_and_attractions_image/76968.jpg]
[cosmosholiday.com.bd/apanel/tours_and_attractions_image/12308.jpg]
[cosmosholiday.com.bd/taa_booking/taaID/9.html]
[cosmosholiday.com.bd/hotel_images/3580.jpg]
[cosmosholiday.com.bd/hotel_images/8383.jpg]
[cosmosholiday.com.bd/hotel_images/3806.jpg]
[cosmosholiday.com.bd/apanel/uploaded/6596.jpg]
[cosmosholiday.com.bd/apanel/uploaded/9033.jpg]
[cosmosholiday.com.bd/apanel/uploaded/8845.jpg]
[cosmosholiday.com.bd/apanel/uploaded/7858.jpg]
[cosmosholiday.com.bd/apanel/uploaded/5350.jpg]
[cosmosholiday.com.bd/apanel/uploaded/9687.jpg]
[cosmosholiday.com.bd/apanel/uploaded/3055.jpg]
[cosmosholiday.com.bd/apanel/uploaded/7571.jpg]
[cosmosholiday.com.bd/apanel/uploaded/6887.jpg]
[cosmosholiday.com.bd/apanel/uploaded/6096.jpg]
[cosmosholiday.com.bd/apanel/uploaded/4802.jpg]
[cosmosholiday.com.bd/apanel/uploaded/4602.jpg]
[cosmosholiday.com.bd/apanel/uploaded/8675.jpg]
[cosmosholiday.com.bd/apanel/uploaded/6549.jpg]
[cosmosholiday.com.bd/phbooking/pid/4/rid/134/packcode/INS001PD.html]
[cosmosholiday.com.bd/hotel_images/1302.jpg]
[cosmosholiday.com.bd/hotel_images/7567.jpg]
[cosmosholiday.com.bd/hotel_images/4636.jpg]
[cosmosholiday.com.bd/hotel_images/7772.jpg]
[cosmosholiday.com.bd/apanel/uploaded/6082.jpg]
[cosmosholiday.com.bd/apanel/uploaded/8267.jpg]
[cosmosholiday.com.bd/apanel/uploaded/2362.jpg]
[cosmosholiday.com.bd/apanel/uploaded/8186.jpg]
[cosmosholiday.com.bd/apanel/uploaded/3388.jpg]
[cosmosholiday.com.bd/phbooking/pid/4/rid/107/packcode/INAN012PD.html]
[cosmosholiday.com.bd/hotel_images/4898.jpg]
[cosmosholiday.com.bd/hotel_images/4505.jpg]
[cosmosholiday.com.bd/apanel/uploaded/7919.jpg]
[cosmosholiday.com.bd/apanel/uploaded/5894.jpg]
[cosmosholiday.com.bd/apanel/uploaded/8489.jpg]
[cosmosholiday.com.bd/apanel/uploaded/6470.jpg]
[cosmosholiday.com.bd/apanel/uploaded/6552.jpg]
[cosmosholiday.com.bd/apanel/uploaded/6440.jpg]
[cosmosholiday.com.bd/apanel/uploaded/1896.jpg]
[cosmosholiday.com.bd/apanel/uploaded/2367.jpg]
[cosmosholiday.com.bd/apanel/uploaded/5887.jpg]
[cosmosholiday.com.bd/apanel/uploaded/9191.jpg]
[cosmosholiday.com.bd/apanel/uploaded/9650.jpg]
[cosmosholiday.com.bd/apanel/uploaded/8936.jpg]
[cosmosholiday.com.bd/apanel/uploaded/7795.jpg]
[cosmosholiday.com.bd/phbooking/pid/4/rid/101/packcode/DKD005PD.html]
[cosmosholiday.com.bd/apanel/uploaded/6976.jpg]
[cosmosholiday.com.bd/apanel/uploaded/7995.jpg]
[cosmosholiday.com.bd/apanel/uploaded/9454.jpg]
[cosmosholiday.com.bd/apanel/uploaded/2677.jpg]
[cosmosholiday.com.bd/apanel/uploaded/3679.jpg]
[cosmosholiday.com.bd/apanel/uploaded/4385.jpg]
[cosmosholiday.com.bd/apanel/uploaded/2546.jpg]
[cosmosholiday.com.bd/apanel/uploaded/1824.jpg]
